COMMENT ('-- http://mmhelloworld.blogspot.com/2012/02/hello-world-frege.html')
PACKAGE ('module')
CONID ('Main')
WHERE ('where')
VARID ('main')
VARID ('_')
CHAR ('=')
VARID ('println')
STRCONST ('"Hello World"')