Frege file
  MODULE_DECL
    PsiElement(MODULE)('module')
    MODULE_REF
      MODULE_NAME
        PsiElement(IDENT)('Error00001')
    PsiErrorElement:Expected WHERE
      <empty list>
    PsiElement(IDENT)('wher')
  PsiElement(EOL)('\n')
  PsiElement(IDENT)('cats')
  PsiElement(=)('=')
  PsiElement(STRING_LITERAL)('"dogs"')