Frege file
  MODULE_DECL
    PsiElement(MODULE)('module')
    MODULE_REF
      MODULE_NAME
        PsiElement(IDENT)('Main')
    PsiElement(WHERE)('where')
  PsiElement(EOL)('\n')
  PsiElement(IMPORT)('import')
  PsiElement(IDENT)('Data')
  PsiElement(.)('.')
  PsiElement(IDENT)('List')
  PsiElement(EOL)('\n')
  PsiElement(IDENT)('main')
  PsiElement(_)('_')
  PsiElement(=)('=')
  PsiElement(DO)('do')
  PsiElement(EOL)('\n')
  PsiElement(INDENT)(' ')
  PsiElement(INDENT)(' ')
  PsiElement(IDENT)('println')
  PsiElement(IDENT)('foo')
  PsiElement(EOL)('\n')
  PsiElement(IDENT)('println')
  PsiElement(IDENT)('msg')
  PsiElement(EOL)('\n')
  PsiElement(WHERE)('where')
  PsiElement(EOL)('\n')
  PsiElement(IDENT)('foo')
  PsiElement(=)('=')
  PsiElement(STRING_LITERAL)('"bar"')
  PsiElement(EOL)('\n')
  PsiElement(IDENT)('msg')
  PsiElement(=)('=')
  PsiElement(IDENT)('Data')
  PsiElement(.)('.')
  PsiElement(IDENT)('List')
  PsiElement(.)('.')
  PsiElement(IDENT)('head')
  PsiElement([)('[')
  PsiElement(STRING_LITERAL)('"Hello World"')
  PsiElement(])(']')