Frege file
  MODULE_DECL
    PsiElement(MODULE)('module')
    MODULE_REF
      MODULE_NAME
        PsiElement(IDENT)('Function00001')
    PsiElement(WHERE)('where')
  PsiElement(EOL)('\n')
  PsiElement(IDENT)('foo')
  PsiElement(BAD_CHARACTER)(':')
  PsiElement(BAD_CHARACTER)(':')
  PsiElement(IDENT)('Int')
  PsiElement(OPERATOR)('-')
  PsiElement(OPERATOR)('>')
  PsiElement(IDENT)('Int')
  PsiElement(OPERATOR)('-')
  PsiElement(OPERATOR)('>')
  PsiElement(IDENT)('Int')
  PsiElement(EOL)('\n')
  PsiElement(IDENT)('foo')
  PsiElement(IDENT)('x')
  PsiElement(IDENT)('y')
  PsiElement(=)('=')
  PsiElement(IDENT)('x')
  PsiElement(OPERATOR)('+')
  PsiElement(IDENT)('y')
  PsiElement(EOL)('\n')
  PsiElement(IDENT)('bar')
  PsiElement(BAD_CHARACTER)(':')
  PsiElement(BAD_CHARACTER)(':')
  PsiElement(IDENT)('Float')
  PsiElement(OPERATOR)('-')
  PsiElement(OPERATOR)('>')
  PsiElement(IDENT)('String')
  PsiElement(OPERATOR)('-')
  PsiElement(OPERATOR)('>')
  PsiElement(()('(')
  PsiElement(IDENT)('Float')
  PsiElement(,)(',')
  PsiElement(IDENT)('String')
  PsiElement())(')')
  PsiElement(EOL)('\n')
  PsiElement(IDENT)('bar')
  PsiElement(=)('=')
  PsiElement(()('(')
  PsiElement(,)(',')
  PsiElement())(')')
  PsiElement(EOL)('\n')
  PsiElement(IDENT)('baz')
  PsiElement(BAD_CHARACTER)(':')
  PsiElement(BAD_CHARACTER)(':')
  PsiElement(()('(')
  PsiElement(IDENT)('a')
  PsiElement(OPERATOR)('-')
  PsiElement(OPERATOR)('>')
  PsiElement(IDENT)('b')
  PsiElement())(')')
  PsiElement(OPERATOR)('-')
  PsiElement(OPERATOR)('>')
  PsiElement(()('(')
  PsiElement(IDENT)('b')
  PsiElement(OPERATOR)('-')
  PsiElement(OPERATOR)('>')
  PsiElement(IDENT)('c')
  PsiElement())(')')
  PsiElement(OPERATOR)('-')
  PsiElement(OPERATOR)('>')
  PsiElement(()('(')
  PsiElement(IDENT)('a')
  PsiElement(OPERATOR)('-')
  PsiElement(OPERATOR)('>')
  PsiElement(IDENT)('c')
  PsiElement())(')')
  PsiElement(EOL)('\n')
  PsiElement(IDENT)('baz')
  PsiElement(IDENT)('f')
  PsiElement(IDENT)('g')
  PsiElement(IDENT)('x')
  PsiElement(=)('=')
  PsiElement(IDENT)('f')
  PsiElement(OPERATOR)('$')
  PsiElement(IDENT)('g')
  PsiElement(OPERATOR)('$')
  PsiElement(IDENT)('x')