Frege file
  PsiComment(LINE_COMMENT)('-- http://stackoverflow.com/questions/33788002/is-it-possible-to-use-frege-with-play-framework\n')
  MODULE_DECL
    PsiElement(MODULE)('module')
    MODULE_REF
      MODULE_PACKAGE
        PsiElement(IDENT)('helloplay')
      PsiElement(.)('.')
      MODULE_NAME
        PsiElement(IDENT)('FregeApplication')
    PsiElement(WHERE)('where')
  PsiElement(EOL)('\n')
  PsiElement(IMPORT)('import')
  PsiElement(IDENT)('Data')
  PsiElement(.)('.')
  PsiElement(IDENT)('JSON')
  PsiElement(EOL)('\n')
  PsiElement(IMPORT)('import')
  PsiElement(IDENT)('helloplay')
  PsiElement(.)('.')
  PsiElement(IDENT)('Play')
  PsiElement(EOL)('\n')
  PsiElement(DATA)('data')
  PsiElement(IDENT)('GreetingRequest')
  PsiElement(=)('=')
  PsiElement(IDENT)('GreetingRequest')
  PsiElement({)('{')
  PsiElement(IDENT)('name')
  PsiElement(BAD_CHARACTER)(':')
  PsiElement(BAD_CHARACTER)(':')
  PsiElement(IDENT)('String')
  PsiElement(})('}')
  PsiElement(EOL)('\n')
  PsiElement(DATA)('data')
  PsiElement(IDENT)('GreetingResponse')
  PsiElement(=)('=')
  PsiElement(IDENT)('GreetingResponse')
  PsiElement({)('{')
  PsiElement(IDENT)('message')
  PsiElement(BAD_CHARACTER)(':')
  PsiElement(BAD_CHARACTER)(':')
  PsiElement(IDENT)('String')
  PsiElement(})('}')
  PsiElement(EOL)('\n')
  PsiElement(INSTANCE)('instance')
  PsiElement(IDENT)('FromJSON')
  PsiElement(IDENT)('GreetingRequest')
  PsiElement(WHERE)('where')
  PsiElement(EOL)('\n')
  PsiElement(INDENT)(' ')
  PsiElement(INDENT)(' ')
  PsiElement(INDENT)(' ')
  PsiElement(IDENT)('fromJSON')
  PsiElement(()('(')
  PsiElement(IDENT)('Struct')
  PsiElement(IDENT)('fs')
  PsiElement())(')')
  PsiElement(=)('=')
  PsiElement(DO)('do')
  PsiElement(EOL)('\n')
  PsiElement(INDENT)('    ')
  PsiElement(INDENT)(' ')
  PsiElement(INDENT)(' ')
  PsiElement(INDENT)(' ')
  PsiElement(INDENT)(' ')
  PsiElement(IDENT)('name')
  PsiElement(OPERATOR)('<')
  PsiElement(OPERATOR)('-')
  PsiElement(IDENT)('field')
  PsiElement(STRING_LITERAL)('"name"')
  PsiElement(IDENT)('fs')
  PsiElement(EOL)('\n')
  PsiElement(PURE)('pure')
  PsiElement(OPERATOR)('$')
  PsiElement(IDENT)('GreetingRequest')
  PsiElement(IDENT)('name')
  PsiElement(EOL)('\n')
  PsiElement(IDENT)('fromJSON')
  PsiElement(IDENT)('invalid')
  PsiElement(=)('=')
  PsiElement(IDENT)('fail')
  PsiElement(()('(')
  PsiElement(STRING_LITERAL)('"Invalid JSON for Greeting Request: "')
  PsiElement(OPERATOR)('+')
  PsiElement(OPERATOR)('+')
  PsiElement(IDENT)('show')
  PsiElement(IDENT)('invalid')
  PsiElement())(')')
  PsiElement(EOL)('\n')
  PsiElement(INSTANCE)('instance')
  PsiElement(IDENT)('ToJSON')
  PsiElement(IDENT)('GreetingResponse')
  PsiElement(WHERE)('where')
  PsiElement(EOL)('\n')
  PsiElement(INDENT)(' ')
  PsiElement(INDENT)(' ')
  PsiElement(INDENT)(' ')
  PsiElement(INDENT)(' ')
  PsiElement(IDENT)('toJSON')
  PsiElement(()('(')
  PsiElement(IDENT)('GreetingResponse')
  PsiElement(IDENT)('message')
  PsiElement())(')')
  PsiElement(=)('=')
  PsiElement(IDENT)('Struct')
  PsiElement([)('[')
  PsiElement(IDENT)('assoc')
  PsiElement(STRING_LITERAL)('"message"')
  PsiElement(IDENT)('message')
  PsiElement(])(']')
  PsiElement(EOL)('\n')
  PsiElement(IDENT)('greet')
  PsiElement(BAD_CHARACTER)(':')
  PsiElement(BAD_CHARACTER)(':')
  PsiElement(IDENT)('GreetingRequest')
  PsiElement(OPERATOR)('-')
  PsiElement(OPERATOR)('>')
  PsiElement(IDENT)('GreetingResponse')
  PsiElement(EOL)('\n')
  PsiElement(IDENT)('greet')
  PsiElement(IDENT)('request')
  PsiElement(=)('=')
  PsiElement(IDENT)('GreetingResponse')
  PsiElement(OPERATOR)('$')
  PsiElement(STRING_LITERAL)('"Hello, "')
  PsiElement(OPERATOR)('+')
  PsiElement(OPERATOR)('+')
  PsiElement(IDENT)('request')
  PsiElement(.)('.')
  PsiElement(IDENT)('name')
  PsiElement(EOL)('\n')
  PsiElement(IDENT)('webMain')
  PsiElement(BAD_CHARACTER)(':')
  PsiElement(BAD_CHARACTER)(':')
  PsiElement(IDENT)('Request')
  PsiElement(OPERATOR)('-')
  PsiElement(OPERATOR)('>')
  PsiElement(IDENT)('IO')
  PsiElement(IDENT)('ResultStatus')
  PsiElement(EOL)('\n')
  PsiElement(IDENT)('webMain')
  PsiElement(IDENT)('request')
  PsiElement(=)('=')
  PsiElement(DO)('do')
  PsiElement(EOL)('\n')
  PsiElement(INDENT)(' ')
  PsiElement(INDENT)(' ')
  PsiElement(LET)('let')
  PsiElement(IDENT)('jsonRequest')
  PsiElement(=)('=')
  PsiElement(IDENT)('parseJSON')
  PsiElement(IDENT)('request')
  PsiElement(.)('.')
  PsiElement(IDENT)('body')
  PsiElement(.)('.')
  PsiElement(IDENT)('asJson')
  PsiElement(.)('.')
  PsiElement(IDENT)('toString')
  PsiElement(EOL)('\n')
  PsiElement(IDENT)('return')
  PsiElement(OPERATOR)('$')
  PsiElement(IDENT)('either')
  PsiElement(IDENT)('badRequest')
  PsiElement(()('(')
  PsiElement(IDENT)('ok')
  PsiElement(.)('.')
  PsiElement(IDENT)('show')
  PsiElement(.)('.')
  PsiElement(IDENT)('toJSON')
  PsiElement(.)('.')
  PsiElement(IDENT)('greet')
  PsiElement())(')')
  PsiElement(IDENT)('jsonRequest')
  PsiElement(EOL)('\n')
  PsiComment(BLOCK_COMMENT)('{-\n - This makes the Frege module extend Play Controller class so that it can be configured to handle a route.\n -}')
  PsiElement(NATIVE)('native')
  PsiElement(MODULE)('module')
  PsiElement(TYPE)('type')
  PsiElement(IDENT)('PlayController')
  PsiElement(WHERE)('where')
  PsiElement({)('{')
  PsiElement(EOL)('\n')
  PsiElement(INDENT)(' ')
  PsiElement(INDENT)(' ')
  PsiElement(INDENT)(' ')
  PsiElement(INDENT)(' ')
  PsiElement(PUBLIC)('public')
  PsiElement(IDENT)('static')
  PsiElement(IDENT)('play')
  PsiElement(.)('.')
  PsiElement(IDENT)('mvc')
  PsiElement(.)('.')
  PsiElement(IDENT)('Result')
  PsiElement(IDENT)('greet')
  PsiElement(()('(')
  PsiElement())(')')
  PsiElement({)('{')
  PsiElement(EOL)('\n')
  PsiElement(INDENT)('     ')
  PsiElement(INDENT)(' ')
  PsiElement(INDENT)(' ')
  PsiElement(INDENT)(' ')
  PsiElement(IDENT)('return')
  PsiElement(IDENT)('frege')
  PsiElement(.)('.')
  PsiElement(IDENT)('runtime')
  PsiElement(.)('.')
  PsiElement(IDENT)('Delayed')
  PsiElement(.)('.')
  PsiElement(IDENT)('forced')
  PsiElement(()('(')
  PsiElement(EOL)('\n')
  PsiElement(INDENT)('         ')
  PsiElement(INDENT)(' ')
  PsiElement(IDENT)('frege')
  PsiElement(.)('.')
  PsiElement(IDENT)('prelude')
  PsiElement(.)('.')
  PsiElement(IDENT)('PreludeBase')
  PsiElement(.)('.')
  PsiElement(IDENT)('TST')
  PsiElement(.)('.')
  PsiElement(IDENT)('performUnsafe')
  PsiElement(()('(')
  PsiElement(IDENT)('webMain')
  PsiElement(()('(')
  PsiElement(IDENT)('request')
  PsiElement(()('(')
  PsiElement())(')')
  PsiElement())(')')
  PsiElement())(')')
  PsiElement(EOL)('\n')
  PsiElement())(')')
  PsiElement(;)(';')
  PsiElement(EOL)('\n')
  PsiElement(})('}')
  PsiElement(EOL)('\n')
  PsiElement(})('}')