MODULE ('module') 0-6
WHITE_SPACE (' ') 6-7
IDENT ('Invalid') 7-14
WHITE_SPACE (' ') 14-15
IDENT ('wher') 15-19
EOL ('\n') 19-20
WHITE_SPACE ('\n') 20-21
WHITE_SPACE ('') 21-21
IDENT ('cats') 21-25
WHITE_SPACE (' ') 25-26
= ('=') 26-27
WHITE_SPACE (' ') 27-28
STRING_LITERAL ('"dogs"') 28-34