PACKAGE ('module') 0-6
WHITE_SPACE (' ') 6-7
CONID ('Main') 7-11
WHITE_SPACE (' ') 11-12
WHERE ('where') 12-17
WHITE_SPACE ('\n\n') 17-19
IMPORT ('import') 19-25
WHITE_SPACE (' ') 25-26
QUALIFIER ('Data') 26-30
WHITE_SPACE ('.') 30-31
CONID ('List') 31-35
WHITE_SPACE ('\n\n') 35-37
VARID ('msg') 37-40
WHITE_SPACE (' ') 40-41
CHAR ('=') 41-42
WHITE_SPACE (' ') 42-43
QUALIFIER ('Data') 43-47
WHITE_SPACE ('.') 47-48
QUALIFIER ('List') 48-52
WHITE_SPACE ('.') 52-53
VARID ('head') 53-57
WHITE_SPACE (' ') 57-58
CHAR ('[') 58-59
STRCONST ('"Hello World"') 59-72
CHAR (']') 72-73
WHITE_SPACE ('\n\n') 73-75
VARID ('main') 75-79
WHITE_SPACE (' ') 79-80
VARID ('_') 80-81
WHITE_SPACE (' ') 81-82
CHAR ('=') 82-83
WHITE_SPACE (' ') 83-84
VARID ('println') 84-91
WHITE_SPACE (' ') 91-92
VARID ('msg') 92-95
