LINE_COMMENT ('-- http://stackoverflow.com/questions/33788002/is-it-possible-to-use-frege-with-play-framework\n') 0-95
MODULE ('module') 95-101
WHITE_SPACE (' ') 101-102
IDENT ('helloplay') 102-111
. ('.') 111-112
IDENT ('FregeApplication') 112-128
WHITE_SPACE (' ') 128-129
WHERE ('where') 129-134
EOL ('\n') 134-135
WHITE_SPACE ('\n') 135-136
WHITE_SPACE ('') 136-136
IMPORT ('import') 136-142
WHITE_SPACE (' ') 142-143
IDENT ('Data') 143-147
. ('.') 147-148
IDENT ('JSON') 148-152
EOL ('\n') 152-153
WHITE_SPACE ('') 153-153
IMPORT ('import') 153-159
WHITE_SPACE (' ') 159-160
IDENT ('helloplay') 160-169
. ('.') 169-170
IDENT ('Play') 170-174
EOL ('\n') 174-175
WHITE_SPACE ('\n') 175-176
WHITE_SPACE ('') 176-176
DATA ('data') 176-180
WHITE_SPACE (' ') 180-181
IDENT ('GreetingRequest') 181-196
WHITE_SPACE (' ') 196-197
= ('=') 197-198
WHITE_SPACE (' ') 198-199
IDENT ('GreetingRequest') 199-214
WHITE_SPACE (' ') 214-215
{ ('{') 215-216
WHITE_SPACE (' ') 216-217
IDENT ('name') 217-221
WHITE_SPACE (' ') 221-222
BAD_CHAR (':') 222-223
BAD_CHAR (':') 223-224
WHITE_SPACE (' ') 224-225
IDENT ('String') 225-231
WHITE_SPACE (' ') 231-232
} ('}') 232-233
EOL ('\n') 233-234
WHITE_SPACE ('\n') 234-235
WHITE_SPACE ('') 235-235
DATA ('data') 235-239
WHITE_SPACE (' ') 239-240
IDENT ('GreetingResponse') 240-256
WHITE_SPACE (' ') 256-257
= ('=') 257-258
WHITE_SPACE (' ') 258-259
IDENT ('GreetingResponse') 259-275
WHITE_SPACE (' ') 275-276
{ ('{') 276-277
WHITE_SPACE (' ') 277-278
IDENT ('message') 278-285
WHITE_SPACE (' ') 285-286
BAD_CHAR (':') 286-287
BAD_CHAR (':') 287-288
WHITE_SPACE (' ') 288-289
IDENT ('String') 289-295
WHITE_SPACE (' ') 295-296
} ('}') 296-297
EOL ('\n') 297-298
WHITE_SPACE ('\n') 298-299
WHITE_SPACE ('') 299-299
INSTANCE ('instance') 299-307
WHITE_SPACE (' ') 307-308
IDENT ('FromJSON') 308-316
WHITE_SPACE (' ') 316-317
IDENT ('GreetingRequest') 317-332
WHITE_SPACE (' ') 332-333
WHERE ('where') 333-338
EOL ('\n') 338-339
INDENT (' ') 339-340
INDENT (' ') 340-341
INDENT (' ') 341-342
WHITE_SPACE ('') 342-342
IDENT ('fromJSON') 342-350
WHITE_SPACE (' ') 350-351
( ('(') 351-352
IDENT ('Struct') 352-358
WHITE_SPACE (' ') 358-359
IDENT ('fs') 359-361
) (')') 361-362
WHITE_SPACE ('  ') 362-364
= ('=') 364-365
WHITE_SPACE (' ') 365-366
DO ('do') 366-368
EOL ('\n') 368-369
INDENT ('    ') 369-373
INDENT (' ') 373-374
INDENT (' ') 374-375
INDENT (' ') 375-376
INDENT (' ') 376-377
WHITE_SPACE ('') 377-377
IDENT ('name') 377-381
WHITE_SPACE (' ') 381-382
OPERATOR ('<') 382-383
OPERATOR ('-') 383-384
WHITE_SPACE (' ') 384-385
IDENT ('field') 385-390
WHITE_SPACE (' ') 390-391
STRING_LITERAL ('"name"') 391-397
WHITE_SPACE (' ') 397-398
IDENT ('fs') 398-400
EOL ('\n') 400-401
WHITE_SPACE ('        ') 401-409
PURE ('pure') 409-413
WHITE_SPACE (' ') 413-414
OPERATOR ('$') 414-415
WHITE_SPACE (' ') 415-416
IDENT ('GreetingRequest') 416-431
WHITE_SPACE (' ') 431-432
IDENT ('name') 432-436
EOL ('\n') 436-437
DEDENT ('') 437-437
DEDENT ('') 437-437
DEDENT ('') 437-437
DEDENT ('') 437-437
DEDENT ('') 437-437
WHITE_SPACE ('   ') 437-440
IDENT ('fromJSON') 440-448
WHITE_SPACE (' ') 448-449
IDENT ('invalid') 449-456
WHITE_SPACE (' ') 456-457
= ('=') 457-458
WHITE_SPACE (' ') 458-459
IDENT ('fail') 459-463
WHITE_SPACE (' ') 463-464
( ('(') 464-465
STRING_LITERAL ('"Invalid JSON for Greeting Request: "') 465-502
WHITE_SPACE (' ') 502-503
OPERATOR ('+') 503-504
OPERATOR ('+') 504-505
WHITE_SPACE (' ') 505-506
IDENT ('show') 506-510
WHITE_SPACE (' ') 510-511
IDENT ('invalid') 511-518
) (')') 518-519
EOL ('\n') 519-520
WHITE_SPACE ('\n') 520-521
DEDENT ('') 521-521
DEDENT ('') 521-521
DEDENT ('') 521-521
WHITE_SPACE ('') 521-521
INSTANCE ('instance') 521-529
WHITE_SPACE (' ') 529-530
IDENT ('ToJSON') 530-536
WHITE_SPACE (' ') 536-537
IDENT ('GreetingResponse') 537-553
WHITE_SPACE (' ') 553-554
WHERE ('where') 554-559
EOL ('\n') 559-560
INDENT (' ') 560-561
INDENT (' ') 561-562
INDENT (' ') 562-563
INDENT (' ') 563-564
WHITE_SPACE ('') 564-564
IDENT ('toJSON') 564-570
WHITE_SPACE (' ') 570-571
( ('(') 571-572
IDENT ('GreetingResponse') 572-588
WHITE_SPACE (' ') 588-589
IDENT ('message') 589-596
) (')') 596-597
WHITE_SPACE (' ') 597-598
= ('=') 598-599
WHITE_SPACE (' ') 599-600
IDENT ('Struct') 600-606
WHITE_SPACE (' ') 606-607
[ ('[') 607-608
WHITE_SPACE (' ') 608-609
IDENT ('assoc') 609-614
WHITE_SPACE (' ') 614-615
STRING_LITERAL ('"message"') 615-624
WHITE_SPACE (' ') 624-625
IDENT ('message') 625-632
WHITE_SPACE (' ') 632-633
] (']') 633-634
EOL ('\n') 634-635
WHITE_SPACE ('\n') 635-636
DEDENT ('') 636-636
DEDENT ('') 636-636
DEDENT ('') 636-636
DEDENT ('') 636-636
WHITE_SPACE ('') 636-636
IDENT ('greet') 636-641
WHITE_SPACE (' ') 641-642
BAD_CHAR (':') 642-643
BAD_CHAR (':') 643-644
WHITE_SPACE (' ') 644-645
IDENT ('GreetingRequest') 645-660
WHITE_SPACE (' ') 660-661
OPERATOR ('-') 661-662
OPERATOR ('>') 662-663
WHITE_SPACE (' ') 663-664
IDENT ('GreetingResponse') 664-680
EOL ('\n') 680-681
WHITE_SPACE ('') 681-681
IDENT ('greet') 681-686
WHITE_SPACE (' ') 686-687
IDENT ('request') 687-694
WHITE_SPACE (' ') 694-695
= ('=') 695-696
WHITE_SPACE (' ') 696-697
IDENT ('GreetingResponse') 697-713
WHITE_SPACE (' ') 713-714
OPERATOR ('$') 714-715
WHITE_SPACE (' ') 715-716
STRING_LITERAL ('"Hello, "') 716-725
WHITE_SPACE (' ') 725-726
OPERATOR ('+') 726-727
OPERATOR ('+') 727-728
WHITE_SPACE (' ') 728-729
IDENT ('request') 729-736
. ('.') 736-737
IDENT ('name') 737-741
EOL ('\n') 741-742
WHITE_SPACE ('\n') 742-743
WHITE_SPACE ('') 743-743
IDENT ('webMain') 743-750
WHITE_SPACE (' ') 750-751
BAD_CHAR (':') 751-752
BAD_CHAR (':') 752-753
WHITE_SPACE (' ') 753-754
IDENT ('Request') 754-761
WHITE_SPACE (' ') 761-762
OPERATOR ('-') 762-763
OPERATOR ('>') 763-764
WHITE_SPACE (' ') 764-765
IDENT ('IO') 765-767
WHITE_SPACE (' ') 767-768
IDENT ('ResultStatus') 768-780
EOL ('\n') 780-781
WHITE_SPACE ('') 781-781
IDENT ('webMain') 781-788
WHITE_SPACE (' ') 788-789
IDENT ('request') 789-796
WHITE_SPACE (' ') 796-797
= ('=') 797-798
WHITE_SPACE (' ') 798-799
DO ('do') 799-801
EOL ('\n') 801-802
INDENT (' ') 802-803
INDENT (' ') 803-804
WHITE_SPACE ('') 804-804
LET ('let') 804-807
WHITE_SPACE (' ') 807-808
IDENT ('jsonRequest') 808-819
WHITE_SPACE (' ') 819-820
= ('=') 820-821
WHITE_SPACE (' ') 821-822
IDENT ('parseJSON') 822-831
WHITE_SPACE (' ') 831-832
IDENT ('request') 832-839
. ('.') 839-840
IDENT ('body') 840-844
. ('.') 844-845
IDENT ('asJson') 845-851
. ('.') 851-852
IDENT ('toString') 852-860
EOL ('\n') 860-861
WHITE_SPACE ('  ') 861-863
IDENT ('return') 863-869
WHITE_SPACE (' ') 869-870
OPERATOR ('$') 870-871
WHITE_SPACE (' ') 871-872
IDENT ('either') 872-878
WHITE_SPACE (' ') 878-879
IDENT ('badRequest') 879-889
WHITE_SPACE (' ') 889-890
( ('(') 890-891
IDENT ('ok') 891-893
WHITE_SPACE (' ') 893-894
. ('.') 894-895
WHITE_SPACE (' ') 895-896
IDENT ('show') 896-900
WHITE_SPACE (' ') 900-901
. ('.') 901-902
WHITE_SPACE (' ') 902-903
IDENT ('toJSON') 903-909
WHITE_SPACE (' ') 909-910
. ('.') 910-911
WHITE_SPACE (' ') 911-912
IDENT ('greet') 912-917
) (')') 917-918
WHITE_SPACE (' ') 918-919
IDENT ('jsonRequest') 919-930
EOL ('\n') 930-931
WHITE_SPACE ('\n') 931-932
BLOCK_COMMENT ('{-\n - This makes the Frege module extend Play Controller class so that it can be configured to handle a route.\n -}') 932-1046
WHITE_SPACE ('\n') 1046-1047
DEDENT ('') 1047-1047
DEDENT ('') 1047-1047
WHITE_SPACE ('') 1047-1047
NATIVE ('native') 1047-1053
WHITE_SPACE (' ') 1053-1054
MODULE ('module') 1054-1060
WHITE_SPACE (' ') 1060-1061
TYPE ('type') 1061-1065
WHITE_SPACE (' ') 1065-1066
IDENT ('PlayController') 1066-1080
WHITE_SPACE (' ') 1080-1081
WHERE ('where') 1081-1086
WHITE_SPACE (' ') 1086-1087
{ ('{') 1087-1088
EOL ('\n') 1088-1089
INDENT (' ') 1089-1090
INDENT (' ') 1090-1091
INDENT (' ') 1091-1092
INDENT (' ') 1092-1093
WHITE_SPACE ('') 1093-1093
PUBLIC ('public') 1093-1099
WHITE_SPACE (' ') 1099-1100
IDENT ('static') 1100-1106
WHITE_SPACE (' ') 1106-1107
IDENT ('play') 1107-1111
. ('.') 1111-1112
IDENT ('mvc') 1112-1115
. ('.') 1115-1116
IDENT ('Result') 1116-1122
WHITE_SPACE (' ') 1122-1123
IDENT ('greet') 1123-1128
( ('(') 1128-1129
) (')') 1129-1130
WHITE_SPACE (' ') 1130-1131
{ ('{') 1131-1132
EOL ('\n') 1132-1133
INDENT ('     ') 1133-1138
INDENT (' ') 1138-1139
INDENT (' ') 1139-1140
INDENT (' ') 1140-1141
WHITE_SPACE ('') 1141-1141
IDENT ('return') 1141-1147
WHITE_SPACE (' ') 1147-1148
IDENT ('frege') 1148-1153
. ('.') 1153-1154
IDENT ('runtime') 1154-1161
. ('.') 1161-1162
IDENT ('Delayed') 1162-1169
. ('.') 1169-1170
IDENT ('forced') 1170-1176
( ('(') 1176-1177
EOL ('\n') 1177-1178
INDENT ('         ') 1178-1187
INDENT (' ') 1187-1188
WHITE_SPACE ('') 1188-1188
IDENT ('frege') 1188-1193
. ('.') 1193-1194
IDENT ('prelude') 1194-1201
. ('.') 1201-1202
IDENT ('PreludeBase') 1202-1213
. ('.') 1213-1214
IDENT ('TST') 1214-1217
. ('.') 1217-1218
IDENT ('performUnsafe') 1218-1231
( ('(') 1231-1232
IDENT ('webMain') 1232-1239
( ('(') 1239-1240
IDENT ('request') 1240-1247
( ('(') 1247-1248
) (')') 1248-1249
) (')') 1249-1250
) (')') 1250-1251
EOL ('\n') 1251-1252
DEDENT ('') 1252-1252
DEDENT ('') 1252-1252
WHITE_SPACE ('        ') 1252-1260
) (')') 1260-1261
; (';') 1261-1262
EOL ('\n') 1262-1263
DEDENT ('') 1263-1263
DEDENT ('') 1263-1263
DEDENT ('') 1263-1263
DEDENT ('') 1263-1263
WHITE_SPACE ('    ') 1263-1267
} ('}') 1267-1268
EOL ('\n') 1268-1269
DEDENT ('') 1269-1269
DEDENT ('') 1269-1269
DEDENT ('') 1269-1269
DEDENT ('') 1269-1269
WHITE_SPACE ('') 1269-1269
} ('}') 1269-1270