KEYWORD ('module') 0-6
WHITE_SPACE (' ') 6-7
KEYWORD ('where') 7-12