Frege file
  ModDcl
    ImpDcl
      PsiElement(CONID)('Main')
      PsiElement(WHERE)('where')
      PsiElement(IMPORT)('import')
      PsiElement(QUALIFIER)('Data')
      PsiElement(CONID)('List')
    FunDcl
      Vbl
        Simple
          PsiElement(VARID)('msg')
      Pats
        <empty list>
      PsiElement(CHAR)('=')
      App
        Vbl
          With2
            PsiElement(QUALIFIER)('Data')
            PsiElement(QUALIFIER)('List')
            PsiElement(VARID)('head')
        App
          App
            Con
              With1
                PsiElement(CHAR)('[')
            Lit
              PsiElement(STRCONST)('"Hello World"')
          Con
            With1
              PsiElement(CHAR)(']')
    FunDcl
      Vbl
        Simple
          PsiElement(VARID)('main')
      Pats
        Pat
          Vbl
            Simple
              PsiElement(VARID)('_')
      PsiElement(CHAR)('=')
      App
        Vbl
          Simple
            PsiElement(VARID)('println')
        Vbl
          Simple
            PsiElement(VARID)('msg')