LINE_COMMENT ('-- http://stackoverflow.com/questions/33788002/is-it-possible-to-use-frege-with-play-framework\n') 0-95
KEYWORD ('module') 95-101
WHITE_SPACE (' ') 101-102
IDENT ('helloplay') 102-111
DOT ('.') 111-112
IDENT ('FregeApplication') 112-128
WHITE_SPACE (' ') 128-129
KEYWORD ('where') 129-134
WHITE_SPACE ('\n\n') 134-136
KEYWORD ('import') 136-142
WHITE_SPACE (' ') 142-143
IDENT ('Data') 143-147
DOT ('.') 147-148
IDENT ('JSON') 148-152
WHITE_SPACE ('\n') 152-153
KEYWORD ('import') 153-159
WHITE_SPACE (' ') 159-160
IDENT ('helloplay') 160-169
DOT ('.') 169-170
IDENT ('Play') 170-174
WHITE_SPACE ('\n\n') 174-176
KEYWORD ('data') 176-180
WHITE_SPACE (' ') 180-181
IDENT ('GreetingRequest') 181-196
WHITE_SPACE (' ') 196-197
OPERATOR ('=') 197-198
WHITE_SPACE (' ') 198-199
IDENT ('GreetingRequest') 199-214
WHITE_SPACE (' ') 214-215
LBRACE ('{') 215-216
WHITE_SPACE (' ') 216-217
IDENT ('name') 217-221
WHITE_SPACE (' ') 221-222
OPERATOR ('::') 222-224
WHITE_SPACE (' ') 224-225
IDENT ('String') 225-231
WHITE_SPACE (' ') 231-232
RBRACE ('}') 232-233
WHITE_SPACE ('\n\n') 233-235
KEYWORD ('data') 235-239
WHITE_SPACE (' ') 239-240
IDENT ('GreetingResponse') 240-256
WHITE_SPACE (' ') 256-257
OPERATOR ('=') 257-258
WHITE_SPACE (' ') 258-259
IDENT ('GreetingResponse') 259-275
WHITE_SPACE (' ') 275-276
LBRACE ('{') 276-277
WHITE_SPACE (' ') 277-278
IDENT ('message') 278-285
WHITE_SPACE (' ') 285-286
OPERATOR ('::') 286-288
WHITE_SPACE (' ') 288-289
IDENT ('String') 289-295
WHITE_SPACE (' ') 295-296
RBRACE ('}') 296-297
WHITE_SPACE ('\n\n') 297-299
KEYWORD ('instance') 299-307
WHITE_SPACE (' ') 307-308
IDENT ('FromJSON') 308-316
WHITE_SPACE (' ') 316-317
IDENT ('GreetingRequest') 317-332
WHITE_SPACE (' ') 332-333
KEYWORD ('where') 333-338
WHITE_SPACE ('\n   ') 338-342
IDENT ('fromJSON') 342-350
WHITE_SPACE (' ') 350-351
LPAREN ('(') 351-352
IDENT ('Struct') 352-358
WHITE_SPACE (' ') 358-359
IDENT ('fs') 359-361
RPAREN (')') 361-362
WHITE_SPACE ('  ') 362-364
OPERATOR ('=') 364-365
WHITE_SPACE (' ') 365-366
KEYWORD ('do') 366-368
WHITE_SPACE ('\n        ') 368-377
IDENT ('name') 377-381
WHITE_SPACE (' ') 381-382
OPERATOR ('<-') 382-384
WHITE_SPACE (' ') 384-385
IDENT ('field') 385-390
WHITE_SPACE (' ') 390-391
STRING_LITERAL ('"name"') 391-397
WHITE_SPACE (' ') 397-398
IDENT ('fs') 398-400
WHITE_SPACE ('\n        ') 400-409
KEYWORD ('pure') 409-413
WHITE_SPACE (' ') 413-414
OPERATOR ('$') 414-415
WHITE_SPACE (' ') 415-416
IDENT ('GreetingRequest') 416-431
WHITE_SPACE (' ') 431-432
IDENT ('name') 432-436
WHITE_SPACE ('\n   ') 436-440
IDENT ('fromJSON') 440-448
WHITE_SPACE (' ') 448-449
IDENT ('invalid') 449-456
WHITE_SPACE (' ') 456-457
OPERATOR ('=') 457-458
WHITE_SPACE (' ') 458-459
IDENT ('fail') 459-463
WHITE_SPACE (' ') 463-464
LPAREN ('(') 464-465
STRING_LITERAL ('"Invalid JSON for Greeting Request: "') 465-502
WHITE_SPACE (' ') 502-503
OPERATOR ('++') 503-505
WHITE_SPACE (' ') 505-506
IDENT ('show') 506-510
WHITE_SPACE (' ') 510-511
IDENT ('invalid') 511-518
RPAREN (')') 518-519
WHITE_SPACE ('\n\n') 519-521
KEYWORD ('instance') 521-529
WHITE_SPACE (' ') 529-530
IDENT ('ToJSON') 530-536
WHITE_SPACE (' ') 536-537
IDENT ('GreetingResponse') 537-553
WHITE_SPACE (' ') 553-554
KEYWORD ('where') 554-559
WHITE_SPACE ('\n    ') 559-564
IDENT ('toJSON') 564-570
WHITE_SPACE (' ') 570-571
LPAREN ('(') 571-572
IDENT ('GreetingResponse') 572-588
WHITE_SPACE (' ') 588-589
IDENT ('message') 589-596
RPAREN (')') 596-597
WHITE_SPACE (' ') 597-598
OPERATOR ('=') 598-599
WHITE_SPACE (' ') 599-600
IDENT ('Struct') 600-606
WHITE_SPACE (' ') 606-607
LBRACKET ('[') 607-608
WHITE_SPACE (' ') 608-609
IDENT ('assoc') 609-614
WHITE_SPACE (' ') 614-615
STRING_LITERAL ('"message"') 615-624
WHITE_SPACE (' ') 624-625
IDENT ('message') 625-632
WHITE_SPACE (' ') 632-633
RBRACKET (']') 633-634
WHITE_SPACE ('\n\n') 634-636
IDENT ('greet') 636-641
WHITE_SPACE (' ') 641-642
OPERATOR ('::') 642-644
WHITE_SPACE (' ') 644-645
IDENT ('GreetingRequest') 645-660
WHITE_SPACE (' ') 660-661
OPERATOR ('->') 661-663
WHITE_SPACE (' ') 663-664
IDENT ('GreetingResponse') 664-680
WHITE_SPACE ('\n') 680-681
IDENT ('greet') 681-686
WHITE_SPACE (' ') 686-687
IDENT ('request') 687-694
WHITE_SPACE (' ') 694-695
OPERATOR ('=') 695-696
WHITE_SPACE (' ') 696-697
IDENT ('GreetingResponse') 697-713
WHITE_SPACE (' ') 713-714
OPERATOR ('$') 714-715
WHITE_SPACE (' ') 715-716
STRING_LITERAL ('"Hello, "') 716-725
WHITE_SPACE (' ') 725-726
OPERATOR ('++') 726-728
WHITE_SPACE (' ') 728-729
IDENT ('request') 729-736
DOT ('.') 736-737
IDENT ('name') 737-741
WHITE_SPACE ('\n\n') 741-743
IDENT ('webMain') 743-750
WHITE_SPACE (' ') 750-751
OPERATOR ('::') 751-753
WHITE_SPACE (' ') 753-754
IDENT ('Request') 754-761
WHITE_SPACE (' ') 761-762
OPERATOR ('->') 762-764
WHITE_SPACE (' ') 764-765
IDENT ('IO') 765-767
WHITE_SPACE (' ') 767-768
IDENT ('ResultStatus') 768-780
WHITE_SPACE ('\n') 780-781
IDENT ('webMain') 781-788
WHITE_SPACE (' ') 788-789
IDENT ('request') 789-796
WHITE_SPACE (' ') 796-797
OPERATOR ('=') 797-798
WHITE_SPACE (' ') 798-799
KEYWORD ('do') 799-801
WHITE_SPACE ('\n  ') 801-804
KEYWORD ('let') 804-807
WHITE_SPACE (' ') 807-808
IDENT ('jsonRequest') 808-819
WHITE_SPACE (' ') 819-820
OPERATOR ('=') 820-821
WHITE_SPACE (' ') 821-822
IDENT ('parseJSON') 822-831
WHITE_SPACE (' ') 831-832
IDENT ('request') 832-839
DOT ('.') 839-840
IDENT ('body') 840-844
DOT ('.') 844-845
IDENT ('asJson') 845-851
DOT ('.') 851-852
IDENT ('toString') 852-860
WHITE_SPACE ('\n  ') 860-863
IDENT ('return') 863-869
WHITE_SPACE (' ') 869-870
OPERATOR ('$') 870-871
WHITE_SPACE (' ') 871-872
IDENT ('either') 872-878
WHITE_SPACE (' ') 878-879
IDENT ('badRequest') 879-889
WHITE_SPACE (' ') 889-890
LPAREN ('(') 890-891
IDENT ('ok') 891-893
WHITE_SPACE (' ') 893-894
DOT ('.') 894-895
WHITE_SPACE (' ') 895-896
IDENT ('show') 896-900
WHITE_SPACE (' ') 900-901
DOT ('.') 901-902
WHITE_SPACE (' ') 902-903
IDENT ('toJSON') 903-909
WHITE_SPACE (' ') 909-910
DOT ('.') 910-911
WHITE_SPACE (' ') 911-912
IDENT ('greet') 912-917
RPAREN (')') 917-918
WHITE_SPACE (' ') 918-919
IDENT ('jsonRequest') 919-930
WHITE_SPACE ('\n\n') 930-932
BLOCK_COMMENT ('{-\n - This makes the Frege module extend Play Controller class so that it can be configured to handle a route.\n -}') 932-1046
WHITE_SPACE ('\n') 1046-1047
KEYWORD ('native') 1047-1053
WHITE_SPACE (' ') 1053-1054
KEYWORD ('module') 1054-1060
WHITE_SPACE (' ') 1060-1061
KEYWORD ('type') 1061-1065
WHITE_SPACE (' ') 1065-1066
IDENT ('PlayController') 1066-1080
WHITE_SPACE (' ') 1080-1081
KEYWORD ('where') 1081-1086
WHITE_SPACE (' ') 1086-1087
LBRACE ('{') 1087-1088
WHITE_SPACE ('\n    ') 1088-1093
KEYWORD ('public') 1093-1099
WHITE_SPACE (' ') 1099-1100
IDENT ('static') 1100-1106
WHITE_SPACE (' ') 1106-1107
IDENT ('play') 1107-1111
DOT ('.') 1111-1112
IDENT ('mvc') 1112-1115
DOT ('.') 1115-1116
IDENT ('Result') 1116-1122
WHITE_SPACE (' ') 1122-1123
IDENT ('greet') 1123-1128
LPAREN ('(') 1128-1129
RPAREN (')') 1129-1130
WHITE_SPACE (' ') 1130-1131
LBRACE ('{') 1131-1132
WHITE_SPACE ('\n        ') 1132-1141
IDENT ('return') 1141-1147
WHITE_SPACE (' ') 1147-1148
IDENT ('frege') 1148-1153
DOT ('.') 1153-1154
IDENT ('runtime') 1154-1161
DOT ('.') 1161-1162
IDENT ('Delayed') 1162-1169
DOT ('.') 1169-1170
IDENT ('forced') 1170-1176
LPAREN ('(') 1176-1177
WHITE_SPACE ('\n          ') 1177-1188
IDENT ('frege') 1188-1193
DOT ('.') 1193-1194
IDENT ('prelude') 1194-1201
DOT ('.') 1201-1202
IDENT ('PreludeBase') 1202-1213
DOT ('.') 1213-1214
IDENT ('TST') 1214-1217
DOT ('.') 1217-1218
IDENT ('performUnsafe') 1218-1231
LPAREN ('(') 1231-1232
IDENT ('webMain') 1232-1239
LPAREN ('(') 1239-1240
IDENT ('request') 1240-1247
LPAREN ('(') 1247-1248
RPAREN (')') 1248-1249
RPAREN (')') 1249-1250
RPAREN (')') 1250-1251
WHITE_SPACE ('\n        ') 1251-1260
RPAREN (')') 1260-1261
OPERATOR (';') 1261-1262
WHITE_SPACE ('\n    ') 1262-1267
RBRACE ('}') 1267-1268
WHITE_SPACE ('\n') 1268-1269
RBRACE ('}') 1269-1270